[    2412ms] [INFO] %cDownload the React DevTools for a better development experience: https://react.dev/link/react-devtools font-weight:bold @ webpack-internal:///(app-pages-browser)/../../node_modules/next/dist/compiled/react-dom/cjs/react-dom-client.development.js:25630
[    2604ms] [LOG] ✅ All Firebase environment variables are set @ webpack-internal:///(app-pages-browser)/./lib/firebase.ts:40
[    2604ms] [LOG] Environment Variables Debug: {NEXT_PUBLIC_FIREBASE_AUTH_DOMAIN: juice-app-dev.firebaseapp.com, NEXT_PUBLIC_FIREBASE_PROJECT_ID: juice-app-dev, NEXT_PUBLIC_FIREBASE_STORAGE_BUCKET: juice-app-dev.firebasestorage.app} @ webpack-internal:///(app-pages-browser)/./lib/firebase.ts:44
[    2605ms] [LOG] Firebase initialized successfully @ webpack-internal:///(app-pages-browser)/./lib/firebase.ts:62
[    2610ms] [LOG] Firestore initialized successfully @ webpack-internal:///(app-pages-browser)/./lib/firebase.ts:75
[    2610ms] [LOG] Firestore instance created: {projectId: juice-app-dev} @ webpack-internal:///(app-pages-browser)/./lib/firebase.ts:81
[    3077ms] [LOG] Waiting for user data and role to load... @ webpack-internal:///(app-pages-browser)/./contexts/PartnerContext.tsx:70
[    3507ms] [VERBOSE] [DOM] Input elements should have autocomplete attributes (suggested: "current-password"): (More info: https://goo.gl/9p2vKq) %o @ http://localhost:3000/sign-up:0
[    3517ms] [WARNING] Image with src "http://localhost:3000/images/tick.svg" has either width or height modified, but not the other. If you use CSS to change the size of your image, also include the styles 'width: "auto"' or 'height: "auto"' to maintain the aspect ratio. @ webpack-internal:///(app-pages-browser)/../../node_modules/next/dist/shared/lib/utils/warn-once.js:15
[    3518ms] [WARNING] Image with src "http://localhost:3000/images/wallet.svg" has either width or height modified, but not the other. If you use CSS to change the size of your image, also include the styles 'width: "auto"' or 'height: "auto"' to maintain the aspect ratio. @ webpack-internal:///(app-pages-browser)/../../node_modules/next/dist/shared/lib/utils/warn-once.js:15
[    3531ms] [WARNING] Image with src "http://localhost:3000/images/juice-logo.svg" has "fill" and parent element with invalid "position". Provided "static" should be one of absolute,fixed,relative. @ webpack-internal:///(app-pages-browser)/../../node_modules/next/dist/shared/lib/utils/warn-once.js:15
[    7898ms] [INFO] %cDownload the React DevTools for a better development experience: https://react.dev/link/react-devtools font-weight:bold @ webpack-internal:///(app-pages-browser)/../../node_modules/next/dist/compiled/react-dom/cjs/react-dom-client.development.js:25630
[    9383ms] [LOG] ✅ All Firebase environment variables are set @ webpack-internal:///(app-pages-browser)/./lib/firebase.ts:40
[    9383ms] [LOG] Environment Variables Debug: {NEXT_PUBLIC_FIREBASE_AUTH_DOMAIN: juice-app-dev.firebaseapp.com, NEXT_PUBLIC_FIREBASE_PROJECT_ID: juice-app-dev, NEXT_PUBLIC_FIREBASE_STORAGE_BUCKET: juice-app-dev.firebasestorage.app} @ webpack-internal:///(app-pages-browser)/./lib/firebase.ts:44
[    9384ms] [LOG] Firebase initialized successfully @ webpack-internal:///(app-pages-browser)/./lib/firebase.ts:62
[    9389ms] [LOG] Firestore initialized successfully @ webpack-internal:///(app-pages-browser)/./lib/firebase.ts:75
[    9389ms] [LOG] Firestore instance created: {projectId: juice-app-dev} @ webpack-internal:///(app-pages-browser)/./lib/firebase.ts:81
[    9862ms] [LOG] Waiting for user data and role to load... @ webpack-internal:///(app-pages-browser)/./contexts/PartnerContext.tsx:70
[   10075ms] [WARNING] Image with src "http://localhost:3000/images/tick.svg" has either width or height modified, but not the other. If you use CSS to change the size of your image, also include the styles 'width: "auto"' or 'height: "auto"' to maintain the aspect ratio. @ webpack-internal:///(app-pages-browser)/../../node_modules/next/dist/shared/lib/utils/warn-once.js:15
[   10076ms] [WARNING] Image with src "http://localhost:3000/images/wallet.svg" has either width or height modified, but not the other. If you use CSS to change the size of your image, also include the styles 'width: "auto"' or 'height: "auto"' to maintain the aspect ratio. @ webpack-internal:///(app-pages-browser)/../../node_modules/next/dist/shared/lib/utils/warn-once.js:15
[   10091ms] [WARNING] Image with src "http://localhost:3000/images/juice-logo.svg" has "fill" and parent element with invalid "position". Provided "static" should be one of absolute,fixed,relative. @ webpack-internal:///(app-pages-browser)/../../node_modules/next/dist/shared/lib/utils/warn-once.js:15
[   10146ms] [VERBOSE] [DOM] Input elements should have autocomplete attributes (suggested: "current-password"): (More info: https://goo.gl/9p2vKq) %o @ http://localhost:3000/sign-up:0
